// Jest Snapshot v1, https://goo.gl/fbAQLP

exports[`<BowlingGame/> component should render correctly 1`] = `ShallowWrapper {}`;
