// Jest Snapshot v1, https://goo.gl/fbAQLP

exports[`Scorecard component should render correctly 1`] = `undefined`;
